vae           checkpoints/vae_cap100_d16.pt
traces        2000 held-out corrupted pairs
sampling      nfe 32, eta 1.0, erasure seed 0
conditioning  REFINE throughout — only the visible mask changes, so
              the arms differ in reach and in nothing else

========================================================================================
denoiser_cap100_d16_L4_mixedP50.pt   4L
========================================================================================
    width   global      gap   vs full   agree  band-only  FULL-only
     full    4.60%   +3.45%         —       —          —          —
        1    2.55%   +1.40%    -2.05%   95.5%         24         65
        2    3.45%   +2.30%    -1.15%   96.0%         29         52
        3    3.70%   +2.55%    -0.90%   96.6%         25         43
        5    4.35%   +3.20%    -0.25%   98.7%         11         16
  causal    1.15%

========================================================================================
denoiser_cap100_d16_seed1_L4_mixedP50.pt   4L
========================================================================================
    width   global      gap   vs full   agree  band-only  FULL-only
     full    2.40%   +1.50%         —       —          —          —
        1    2.45%   +1.55%    +0.05%   95.8%         43         42
        2    2.60%   +1.70%    +0.20%   96.7%         35         31
        3    2.35%   +1.45%    -0.05%   97.2%         27         28
        5    2.40%   +1.50%    +0.00%   99.5%          5          5
  causal    0.90%

========================================================================================
denoiser_cap100_d16_seed2_L4_mixedP50.pt   4L
========================================================================================
    width   global      gap   vs full   agree  band-only  FULL-only
     full    3.20%   +2.35%         —       —          —          —
        1    1.80%   +0.95%    -1.40%   95.3%         33         61
        2    2.25%   +1.40%    -0.95%   96.2%         28         47
        3    2.55%   +1.70%    -0.65%   96.5%         28         41
        5    3.05%   +2.20%    -0.15%   99.1%          8         11
  causal    0.85%

========================================================================================
denoiser_cap100_d16_seed3_L4_mixedP50.pt   4L
========================================================================================
    width   global      gap   vs full   agree  band-only  FULL-only
     full    3.75%   +2.55%         —       —          —          —
        1    2.70%   +1.50%    -1.05%   94.5%         44         65
        2    2.40%   +1.20%    -1.35%   95.5%         32         59
        3    2.95%   +1.75%    -0.80%   96.1%         31         47
        5    3.10%   +1.90%    -0.65%   98.9%          5         18
  causal    1.20%

========================================================================================
denoiser_cap100_d16_seed4_L4_mixedP50.pt   4L
========================================================================================
    width   global      gap   vs full   agree  band-only  FULL-only
     full    3.60%   +2.60%         —       —          —          —
        1    2.25%   +1.25%    -1.35%   95.5%         31         58
        2    3.85%   +2.85%    +0.25%   95.8%         45         40
        3    3.50%   +2.50%    -0.10%   96.8%         31         33
        5    3.50%   +2.50%    -0.10%   99.1%          8         10
  causal    1.00%

========================================================================================
denoiser_cap100_d16_seed5_L4_mixedP50.pt   4L
========================================================================================
    width   global      gap   vs full   agree  band-only  FULL-only
     full    3.70%   +2.60%         —       —          —          —
        1    2.05%   +0.95%    -1.65%   94.7%         37         70
        2    2.65%   +1.55%    -1.05%   94.8%         41         62
        3    4.10%   +3.00%    +0.40%   94.7%         57         49
        5    3.45%   +2.35%    -0.25%   98.5%         13         18
  causal    1.10%

========================================================================================
denoiser_cap100_d16_L8_mixedP50.pt   8L
========================================================================================
    width   global      gap   vs full   agree  band-only  FULL-only
     full    5.05%   +3.70%         —       —          —          —
        1    2.30%   +0.95%    -2.75%   93.5%         37         92
        2    2.70%   +1.35%    -2.35%   94.2%         34         81
        3    3.45%   +2.10%    -1.60%   94.1%         43         75
        5    4.65%   +3.30%    -0.40%   96.8%         28         36
  causal    1.35%

========================================================================================
denoiser_cap100_d16_seed1_L8_mixedP50.pt   8L
========================================================================================
    width   global      gap   vs full   agree  band-only  FULL-only
     full    5.20%   +3.75%         —       —          —          —
        1    3.30%   +1.85%    -1.90%   92.6%         55         93
        2    3.45%   +2.00%    -1.75%   92.7%         56         91
        3    4.30%   +2.85%    -0.90%   94.9%         42         60
        5    5.35%   +3.90%    +0.15%   98.4%         18         15
  causal    1.45%

========================================================================================
denoiser_cap100_d16_seed2_L8_mixedP50.pt   8L
========================================================================================
    width   global      gap   vs full   agree  band-only  FULL-only
     full    3.15%   +1.90%         —       —          —          —
        1    2.50%   +1.25%    -0.65%   95.2%         42         55
        2    3.30%   +2.05%    +0.15%   95.0%         52         49
        3    4.20%   +2.95%    +1.05%   94.8%         63         42
        5    4.00%   +2.75%    +0.85%   98.5%         24          7
  causal    1.25%

wrote 72000 records to runs/banded9.json
