vae           checkpoints/vae_cap100_d16.pt
traces        2000 held-out corrupted pairs
sampling      nfe 32, eta 1.0, erasure seed 0
scoring       block b only, in both shapes, so the rows compare
the point     under `suffix` the two arms see IDENTICAL information —
              clean prefix, noise after. Any gap is the mode alone.

========================================================================================
denoiser_cap100_d16_L4_mixedP50_Spinmix.pt   B share 0.5   structure pinmix
========================================================================================
     shape   |S|   causal   global      gap  g formed  c formed
    single  1.00     1.1%     5.3%    +4.2%     96.7%     99.8%
    suffix  3.69     1.1%     0.8%    -0.3%     99.5%     99.8%
  wrote 2000 records to runs/gating_denoiser_cap100_d16_L4_mixedP50_Spinmix.json
    prefix      n    single causal    single global    suffix causal    suffix global
         0    886            1.1%            4.5%            1.1%            0.8%
         1    842            0.7%            5.8%            0.7%            0.7%
         2    241            2.5%            7.1%            2.5%            1.2%

========================================================================================
denoiser_cap100_d16_L4_mixedP50_Scontiguous.pt   B share 0.5   structure contiguous
========================================================================================
     shape   |S|   causal   global      gap  g formed  c formed
    single  1.00     0.9%     3.3%    +2.4%     98.0%     99.9%
    suffix  3.69     0.9%     0.6%    -0.3%     99.2%     99.9%
  wrote 2000 records to runs/gating_denoiser_cap100_d16_L4_mixedP50_Scontiguous.json
    prefix      n    single causal    single global    suffix causal    suffix global
         0    886            0.9%            3.3%            0.9%            0.5%
         1    842            0.1%            3.3%            0.1%            0.5%
         2    241            3.7%            2.9%            3.7%            1.2%

========================================================================================
denoiser_cap100_d16_L4_mixedP50.pt   B share 0.5   structure None
========================================================================================
     shape   |S|   causal   global      gap  g formed  c formed
    single  1.00     1.1%     4.6%    +3.5%     99.2%     99.8%
    suffix  3.69     1.1%     0.7%    -0.4%    100.0%     99.8%
  wrote 2000 records to runs/gating_denoiser_cap100_d16_L4_mixedP50.json
    prefix      n    single causal    single global    suffix causal    suffix global
         0    886            0.8%            4.6%            0.8%            0.8%
         1    842            0.8%            4.8%            0.8%            0.8%
         2    241            3.7%            3.7%            3.7%            0.0%

  Chance on RESULT is 0.6-0.7% (permutation null, adze.eval.strata).
  `single` is the reference condition; `suffix` is the test. Suffix
  erasure destroys far more context, so both arms fall — the claim is
  the GAP between them, where the information is now equalised.
