########## pinmix train 21:46
config        configs/debug.yaml  (cap100)
device        mps
latents       (60000, 28, 16)  [n, N=B*K, D]  scale 0.7961
              real positions 62.2%, std 1.0000, RMS norm 4.000 vs sqrt(D)=4.000
params        1.46M
shapes        B=7 K=4 D=16 N=28

==========================================================================
GATE — overfit one batch (8 examples, loss to near zero)
==========================================================================
  initial loss  1.954979
  final loss    0.042947
  per block (final / initial):
    b=0  11.96%   <- no prefix; unconditional, floors above the rest
    b=1   0.67%
    b=2   0.50%
    b=3   0.63%
    b=4   0.55%
    b=5   0.40%
    b=6   0.71%
  PASS — worst conditioned block 0.71% of initial (threshold 2%)

regime A + B mix (50%/50%) — 20000 steps, batch 256, lr 0.001
  step      1  loss 2.021973  block all  regime B steps 1
  step   2000  loss 0.907135  block all  regime B steps 979
  step   4000  loss 0.665724  block all  regime B steps 1958
  step   6000  loss 0.661632  block all  regime B steps 2979
  step   8000  loss 0.831071  block all  regime B steps 3992
  step  10000  loss 0.607067  block all  regime B steps 4959
  step  12000  loss 0.601460  block all  regime B steps 5961
  step  14000  loss 0.825829  block all  regime B steps 6965
  step  16000  loss 0.824338  block all  regime B steps 8030
  step  18000  loss 0.795929  block all  regime B steps 9042
  step  20000  loss 0.811358  block all  regime B steps 10040

trained in 1628.0s
regime B      10040/20000 steps (50.2% realised, 50% requested)
regime A      9960 steps
checkpoint    checkpoints/denoiser_cap100_d16_L4_mixedP50_Spinmix.pt
########## pinmix eval 22:15
denoiser      checkpoints/denoiser_cap100_d16_L4_mixedP50_Spinmix.pt  4L x 128w
vae           checkpoints/vae_cap100_d16.pt
condition     --corrupt final
traces        2000 held-out corrupted pairs, B=7
sampling      nfe 32, eta 1.0, erasure seed 0
selection     ORACLE — the corrupted index is known. Upper bound.

==============================================================================
THE CENTRAL EXPERIMENT
==============================================================================
   condition    exact   RESULT  operands   formed   answer  preserved
        none    14.3%    14.8%     87.0%    99.8%    14.3%      99.2%
      causal     1.1%     2.5%      5.1%    98.9%     1.1%      99.2%
      global     0.1%     1.3%      0.1%    85.4%     0.1%      99.2%

==============================================================================
  GAP (global - causal)   exact -1.1%   RESULT -1.2%   operands -4.9%
==============================================================================
  RESULT is the arm the experiment's logic points at: the corruption
  changes a result, downstream steps consume the original value, so
  downstream context identifies the RESULT and nothing else. Operands
  are fixed by the question, and question conditioning (M5) is not
  built — so a positive RESULT gap with a flat operands gap is exactly
  the signature the claim predicts.
  Positive -> regenerating with downstream context in view repairs
  the corrupted block more reliably than regenerating causally. That
  is the claim the whole repo was built to test.

  Read as an UPPER BOUND: block selection is oracle here.

  `none` IS NOT THE BASELINE FOR THESE ARMS. It measures the VAE
  round-trip, not no-revision: the VAE was trained on valid arithmetic
  only, so it projects an off-distribution corrupted step onto the
  nearest valid one and silently repairs 19.6% of corruptions. The
  regeneration arms erase the block and discard that free repair.
  The reference is CHANCE — see scripts/m7_strata.py, which scores
  every rate against a permutation null.

PAIRED (McNemar) on RESULT: global-only 23, causal-only 46,
  discordant 69, chi2(1) with continuity correction = 7.01
  p < 0.05

wrote 2000 records to runs/Spinmix_final.json

EXAMPLES — same trace, same erasure, only the mask differs
------------------------------------------------------------------------------
  block 2  want '35 - 68 = -33'
       causal  '66 - 45 = 11'
       global  '79 - 55 = 15'
  block 2  want '9 + 10 = 19'
       causal  '54 - 59 = 5'
       global  '47 + 59 = 76'
  block 2  want '85 - 59 = 26'
       causal  '43 - 75 = -38'
       global  '88 - 55 = 27'
  block 6  want '-78 - -54 = -24'
       causal  '-87 - -87 = -15'
       global  '-55 - -0 = -77'
  block 3  want '75 - 56 = 19'
       causal  '66 - 46 = 10'
       global  '80 - 56 = 24'
  block 3  want '83 - 75 = 8'
       causal  '93 - 63 = 30'
       global  '78 - 53 = 35'
denoiser      checkpoints/denoiser_cap100_d16_L4_mixedP50_Spinmix.pt  4L x 128w
vae           checkpoints/vae_cap100_d16.pt
condition     --corrupt early
traces        2000 held-out corrupted pairs, B=7
sampling      nfe 32, eta 1.0, erasure seed 0
selection     ORACLE — the corrupted index is known. Upper bound.

==============================================================================
THE CENTRAL EXPERIMENT
==============================================================================
   condition    exact   RESULT  operands   formed   answer  preserved
        none    20.8%    21.7%     86.5%    99.9%    99.4%      98.8%
      causal     0.1%     1.1%      0.9%    99.8%    99.4%      98.8%
      global     0.0%     5.3%      0.0%    96.7%    99.4%      98.8%

==============================================================================
  GAP (global - causal)   exact -0.1%   RESULT +4.2%   operands -0.9%
==============================================================================
  RESULT is the arm the experiment's logic points at: the corruption
  changes a result, downstream steps consume the original value, so
  downstream context identifies the RESULT and nothing else. Operands
  are fixed by the question, and question conditioning (M5) is not
  built — so a positive RESULT gap with a flat operands gap is exactly
  the signature the claim predicts.
  Positive -> regenerating with downstream context in view repairs
  the corrupted block more reliably than regenerating causally. That
  is the claim the whole repo was built to test.

  Read as an UPPER BOUND: block selection is oracle here.

  `none` IS NOT THE BASELINE FOR THESE ARMS. It measures the VAE
  round-trip, not no-revision: the VAE was trained on valid arithmetic
  only, so it projects an off-distribution corrupted step onto the
  nearest valid one and silently repairs 19.6% of corruptions. The
  regeneration arms erase the block and discard that free repair.
  The reference is CHANCE — see scripts/m7_strata.py, which scores
  every rate against a permutation null.

PAIRED (McNemar) on RESULT: global-only 104, causal-only 20,
  discordant 124, chi2(1) with continuity correction = 55.56
  p < 0.05

wrote 2000 records to runs/Spinmix_early.json

EXAMPLES — same trace, same erasure, only the mask differs
------------------------------------------------------------------------------
  block 1  want '65 - 30 = 35'
       causal  '64 - 55 = 14'
       global  '88 - 55 = 33'
  block 0  want '63 - 6 = 57'
       causal  '78 - 55 = 13'
       global  '76 - 69 = 1'
  block 0  want '53 - 30 = 23'
       causal  '72 - 59 = 11'
       global  '89 - 59 = 26'
  block 1  want '7 - 48 = -41'
       causal  '39 - -37 = 76'
       global  '-34 - 41 = -55'
  block 0  want '2 + 82 = 84'
       causal  '53 - 79 = -34'
       global  '49 + 59 = 89'
  block 1  want '57 - 82 = -25'
       causal  '83 - 43 = 30'
       global  '35 + 60 = 85'
########## pinmix DONE 22:16
