########## pinmix seed1 START 02:30
config        configs/debug.yaml  (cap100)
device        mps
latents       (60000, 28, 16)  [n, N=B*K, D]  scale 0.7961
              real positions 62.2%, std 1.0000, RMS norm 4.000 vs sqrt(D)=4.000
params        1.46M
shapes        B=7 K=4 D=16 N=28

==========================================================================
GATE — overfit one batch (8 examples, loss to near zero)
==========================================================================
  initial loss  1.958518
  final loss    0.043257
  per block (final / initial):
    b=0  11.42%   <- no prefix; unconditional, floors above the rest
    b=1   0.76%
    b=2   0.59%
    b=3   0.57%
    b=4   0.65%
    b=5   0.71%
    b=6   0.61%
  PASS — worst conditioned block 0.76% of initial (threshold 2%)

regime A + B mix (50%/50%) — 20000 steps, batch 256, lr 0.001
  step      1  loss 1.986650  block all  regime B steps 0
  step   2000  loss 0.945666  block all  regime B steps 976
  step   4000  loss 0.868759  block all  regime B steps 1954
  step   6000  loss 0.854724  block all  regime B steps 2918
  step   8000  loss 0.626220  block all  regime B steps 3917
  step  10000  loss 0.622527  block all  regime B steps 4936
  step  12000  loss 0.577251  block all  regime B steps 5939
  step  14000  loss 0.828202  block all  regime B steps 6955
  step  16000  loss 0.594293  block all  regime B steps 7956
  step  18000  loss 0.804396  block all  regime B steps 8967
  step  20000  loss 0.572415  block all  regime B steps 9939

trained in 1639.5s
regime B      9939/20000 steps (49.7% realised, 50% requested)
regime A      10061 steps
checkpoint    checkpoints/denoiser_cap100_d16_seed1_L4_mixedP50_Spinmix.pt
denoiser      checkpoints/denoiser_cap100_d16_seed1_L4_mixedP50_Spinmix.pt  4L x 128w
vae           checkpoints/vae_cap100_d16.pt
condition     --corrupt early
traces        2000 held-out corrupted pairs, B=7
sampling      nfe 32, eta 1.0, erasure seed 0
selection     ORACLE — the corrupted index is known. Upper bound.

==============================================================================
THE CENTRAL EXPERIMENT
==============================================================================
   condition    exact   RESULT  operands   formed   answer  preserved
        none    20.8%    21.7%     86.5%    99.9%    99.4%      98.8%
      causal     0.1%     1.3%      1.0%    99.8%    99.4%      98.8%
      global     0.0%     2.1%      0.0%    98.6%    99.4%      98.8%

==============================================================================
  GAP (global - causal)   exact -0.1%   RESULT +0.8%   operands -1.0%
==============================================================================
  RESULT is the arm the experiment's logic points at: the corruption
  changes a result, downstream steps consume the original value, so
  downstream context identifies the RESULT and nothing else. Operands
  are fixed by the question, and question conditioning (M5) is not
  built — so a positive RESULT gap with a flat operands gap is exactly
  the signature the claim predicts.
  Positive -> regenerating with downstream context in view repairs
  the corrupted block more reliably than regenerating causally. That
  is the claim the whole repo was built to test.

  Read as an UPPER BOUND: block selection is oracle here.

  `none` IS NOT THE BASELINE FOR THESE ARMS. It measures the VAE
  round-trip, not no-revision: the VAE was trained on valid arithmetic
  only, so it projects an off-distribution corrupted step onto the
  nearest valid one and silently repairs 19.6% of corruptions. The
  regeneration arms erase the block and discard that free repair.
  The reference is CHANCE — see scripts/m7_strata.py, which scores
  every rate against a permutation null.

PAIRED (McNemar) on RESULT: global-only 41, causal-only 26,
  discordant 67, chi2(1) with continuity correction = 2.93
  NOT significant at 0.05

wrote 2000 records to runs/Spinmix_s1_early.json

EXAMPLES — same trace, same erasure, only the mask differs
------------------------------------------------------------------------------
  block 1  want '65 - 30 = 35'
       causal  '64 - 50 = 14'
       global  '85 - 55 = 39'
  block 0  want '63 - 6 = 57'
       causal  '58 - 35 = 27'
       global  '76 - 59 = 7'
  block 0  want '53 - 30 = 23'
       causal  '72 - 59 = 27'
       global  '86 - 56 = 38'
  block 1  want '7 - 48 = -41'
       causal  '33 - -37 = 76'
       global  '51 - 74 = -38'
  block 0  want '2 + 82 = 84'
       causal  '53 - 89 = -34'
       global  '96 - 58 = 48'
  block 1  want '57 - 82 = -25'
       causal  '83 - 53 = 30'
       global  '85 - 57 = 30'
denoiser      checkpoints/denoiser_cap100_d16_seed1_L4_mixedP50_Spinmix.pt  4L x 128w
vae           checkpoints/vae_cap100_d16.pt
condition     --corrupt final
traces        2000 held-out corrupted pairs, B=7
sampling      nfe 32, eta 1.0, erasure seed 0
selection     ORACLE — the corrupted index is known. Upper bound.

==============================================================================
THE CENTRAL EXPERIMENT
==============================================================================
   condition    exact   RESULT  operands   formed   answer  preserved
        none    14.3%    14.8%     87.0%    99.8%    14.3%      99.2%
      causal     1.1%     2.9%      4.9%    99.1%     1.1%      99.2%
      global     0.1%     1.1%      0.4%    94.0%     0.1%      99.2%

==============================================================================
  GAP (global - causal)   exact -1.0%   RESULT -1.8%   operands -4.5%
==============================================================================
  RESULT is the arm the experiment's logic points at: the corruption
  changes a result, downstream steps consume the original value, so
  downstream context identifies the RESULT and nothing else. Operands
  are fixed by the question, and question conditioning (M5) is not
  built — so a positive RESULT gap with a flat operands gap is exactly
  the signature the claim predicts.
  Positive -> regenerating with downstream context in view repairs
  the corrupted block more reliably than regenerating causally. That
  is the claim the whole repo was built to test.

  Read as an UPPER BOUND: block selection is oracle here.

  `none` IS NOT THE BASELINE FOR THESE ARMS. It measures the VAE
  round-trip, not no-revision: the VAE was trained on valid arithmetic
  only, so it projects an off-distribution corrupted step onto the
  nearest valid one and silently repairs 19.6% of corruptions. The
  regeneration arms erase the block and discard that free repair.
  The reference is CHANCE — see scripts/m7_strata.py, which scores
  every rate against a permutation null.

PAIRED (McNemar) on RESULT: global-only 18, causal-only 53,
  discordant 71, chi2(1) with continuity correction = 16.28
  p < 0.05

wrote 2000 records to runs/Spinmix_s1_final.json

EXAMPLES — same trace, same erasure, only the mask differs
------------------------------------------------------------------------------
  block 2  want '35 - 68 = -33'
       causal  '19 + 45 = 64'
       global  '65 - 45 = 10'
  block 2  want '9 + 10 = 19'
       causal  '54 - 59 = 5'
       global  '69 - 57 = 6'
  block 2  want '85 - 59 = 26'
       causal  '25 - 85 = -58'
       global  '88 - 65 = 25'
  block 6  want '-78 - -54 = -24'
       causal  '-85 - -48 = -17'
       global  '-55 + -8 = -58'
  block 3  want '75 - 56 = 19'
       causal  '26 - 60 = -44'
       global  '79 - 56 = 24'
  block 3  want '83 - 75 = 8'
       causal  '67 - 97 = -22'
       global  '85 - 67 = 12'
vae           checkpoints/vae_cap100_d16.pt
traces        2000 held-out corrupted pairs
sampling      nfe 32, eta 1.0, erasure seed 0
scoring       block b only, in both shapes, so the rows compare
the point     under `suffix` the two arms see IDENTICAL information —
              clean prefix, noise after. Any gap is the mode alone.

========================================================================================
denoiser_cap100_d16_seed1_L4_mixedP50_Spinmix.pt   B share 0.5   structure pinmix
========================================================================================
     shape   |S|   causal   global      gap  g formed  c formed
    single  1.00     1.3%     2.1%    +0.8%     98.6%     99.8%
    suffix  3.69     1.3%     0.4%    -0.9%     99.2%     99.8%
  wrote 2000 records to runs/gating_denoiser_cap100_d16_seed1_L4_mixedP50_Spinmix.json
    prefix      n    single causal    single global    suffix causal    suffix global
         0    886            1.1%            3.2%            1.1%            0.6%
         1    842            1.0%            1.2%            1.0%            0.4%
         2    241            3.3%            1.2%            3.3%            0.4%

  Chance on RESULT is 0.6-0.7% (permutation null, adze.eval.strata).
  `single` is the reference condition; `suffix` is the test. Suffix
  erasure destroys far more context, so both arms fall — the claim is
  the GAP between them, where the information is now equalised.
########## pinmix seed1 DONE 03:00
